#./src/main/resources/Entities.map
#Sun Jul 14 15:23:27 CEST 2019
procession9=1877
procession8=1876
procession7=1875
procession6=1874
procession5=1873
procession4=1872
procession3=1871
procession2=1870
procession1=1869
socialProfileMember2=1808
brotherhood2=1849
socialProfileMember1=1807
trashBoxBrotherhood2=1863
brotherhood1=1848
trashBoxBrotherhood1=1858
finder1=1847
inBoxAdministrator2=1815
inBoxAdministrator1=1810
spamBoxMember3=1833
spamBoxMember2=1828
spamBoxMember1=1823
spamBoxBrotherhood2=1865
spamBoxBrotherhood1=1860
float9=1890
float8=1889
float7=1888
spamBoxAdministrator2=1818
float6=1887
spamBoxAdministrator1=1813
float5=1886
float4=1885
float3=1884
float2=1883
float1=1882
administrator2=1806
administrator1=1805
member3=1804
member2=1803
member1=1802
notificationBoxBrotherhood2=1864
notificationBoxBrotherhood1=1859
float12=1893
float11=1892
float10=1891
inBoxBrotherhood2=1862
position7=1846
inBoxBrotherhood1=1857
position6=1845
position5=1844
position4=1843
position3=1842
position2=1841
position1=1840
userAccountSuper=1801
area4=1839
userAccountAdmin2=1795
area3=1838
userAccountAdmin1=1794
area2=1837
configurationParameters=1853
area1=1836
inBoxMember3=1830
notificationBoxMember3=1832
inBoxMember2=1825
notificationBoxMember2=1827
inBoxMember1=1820
notificationBoxMember1=1822
outBoxBrotherhood2=1861
outBoxBrotherhood1=1856
enrolment3=1852
enrolment2=1851
enrolment1=1850
request2=1881
request1=1880
notificationBoxAdministrator2=1817
trashBoxMember3=1831
notificationBoxAdministrator1=1812
trashBoxMember2=1826
message5=1868
trashBoxMember1=1821
outBoxMember3=1829
message4=1867
outBoxMember2=1824
outBoxMember1=1819
message3=1835
message2=1866
message1=1834
trashBoxAdministrator2=1816
trashBoxAdministrator1=1811
procession11=1879
userAccountMember3=1798
procession10=1878
userAccountMember2=1797
userAccountMember1=1796
userAccountBrotherhood2=1800
userAccountBrotherhood1=1799
socialProfileBrotherhood2=1855
socialProfileBrotherhood1=1854
outBoxAdministrator2=1814
outBoxAdministrator1=1809
