#./src/main/resources/Entities.map
#Fri Feb 22 10:34:47 CET 2019
procession2=1136
procession1=1135
socialProfileMember2=1075
brotherhood2=1116
socialProfileMember1=1074
trashBoxBrotherhood2=1129
brotherhood1=1115
trashBoxBrotherhood1=1124
finder1=1114
inBoxAdministrator2=1082
inBoxAdministrator1=1077
spamBoxMember3=1100
spamBoxMember2=1095
spamBoxMember1=1090
spamBoxBrotherhood2=1131
spamBoxBrotherhood1=1126
spamBoxAdministrator2=1085
spamBoxAdministrator1=1080
float5=1143
float4=1142
float3=1141
float2=1140
float1=1139
administrator2=1073
administrator1=1072
member3=1071
member2=1070
member1=1069
notificationBoxBrotherhood2=1130
notificationBoxBrotherhood1=1125
inBoxBrotherhood2=1128
position7=1113
inBoxBrotherhood1=1123
position6=1112
position5=1111
position4=1110
position3=1109
position2=1108
position1=1107
userAccountSuper=1068
area4=1106
userAccountAdmin2=1062
area3=1105
userAccountAdmin1=1061
area2=1104
configurationParameters=1119
area1=1103
inBoxMember3=1097
notificationBoxMember3=1099
inBoxMember2=1092
notificationBoxMember2=1094
inBoxMember1=1087
notificationBoxMember1=1089
outBoxBrotherhood2=1127
outBoxBrotherhood1=1122
enrolment2=1118
enrolment1=1117
request2=1138
request1=1137
notificationBoxAdministrator2=1084
trashBoxMember3=1098
notificationBoxAdministrator1=1079
trashBoxMember2=1093
message5=1134
trashBoxMember1=1088
outBoxMember3=1096
message4=1133
outBoxMember2=1091
outBoxMember1=1086
message3=1102
message2=1132
message1=1101
trashBoxAdministrator2=1083
trashBoxAdministrator1=1078
userAccountMember3=1065
userAccountMember2=1064
userAccountMember1=1063
userAccountBrotherhood2=1067
userAccountBrotherhood1=1066
socialProfileBrotherhood2=1121
socialProfileBrotherhood1=1120
outBoxAdministrator2=1081
outBoxAdministrator1=1076
